logic__165: VRAM_three__GB5, 
logic__252: VRAM_four__GB4, 
logic__112: VRAM_TWO__GB4, 
muxpart__63: VRAM_TWO__GB5, 
muxpart__154: VRAM_four__GB5, 
reg__155: VRAM_three__GB3, 
case__73: VRAM_TWO__GB5, 
logic__15: UnitateControl1__GC0, 
case__32: VRAM_1__GB3, 
muxpart__188: VRAM_four__GB3, 
muxpart__88: VRAM_TWO__GB0, 
case__49: VRAM_1__GB0, 
case__66: VRAM_TWO__GB5, 
muxpart__66: VRAM_TWO__GB3, 
muxpart__74: VRAM_TWO__GB1, 
case__120: VRAM_TWO__GB4, 
muxpart__3: VRAM_1__GB5, 
muxpart__76: VRAM_TWO__GB1, 
muxpart__114: VRAM_three__GB3, 
case__143: VRAM_three__GB4, 
case__83: VRAM_TWO__GB4, 
reg__84: VRAM_TWO__GB3, 
datapath__51: VRAM_three__GB5, 
muxpart__178: VRAM_four__GB2, 
muxpart__18: VRAM_1__GB4, 
logic__189: VRAM_three__GB5, 
case__203: VRAM_four__GB4, 
reg__100: VRAM_TWO__GB3, 
muxpart__47: VRAM_1__GB3, 
case__30: VRAM_1__GB4, 
logic__49: VRAM_1__GB4, 
muxpart__174: VRAM_four__GB0, 
VRAM_TWO__GB2: VRAM_TWO__GB2, 
reg__129: VRAM_three__GB4, 
case__217: VRAM_four__GB2, 
muxpart__109: VRAM_three__GB5, 
reg__99: VRAM_TWO__GB3, 
case__59: VRAM_1__GB3, 
reg__67: VRAM_TWO__GB4, 
case__64: VRAM_TWO__GB5, 
case__91: VRAM_TWO__GB4, 
case__157: VRAM_three__GB2, 
datapath__54: VRAM_three__GB5, 
case__163: VRAM_three__GB0, 
case__78: VRAM_TWO__GB4, 
case__158: VRAM_three__GB3, 
ROM_Color: UnitateControl1__GC0, 
datapath__78: VRAM_four__GB5, 
case__112: VRAM_TWO__GB1, 
muxpart__171: VRAM_four__GB0, 
muxpart__25: VRAM_1__GB2, 
case__101: VRAM_TWO__GB3, 
reg__165: VRAM_four__GB4, 
logic__10: UnitateControl1__GC0, 
datapath__35: VRAM_TWO__GB5, 
reg__21: VRAM_1__GB4, 
logic__45: VRAM_1__GB5, 
case__233: VRAM_four__GB0, 
counter: UnitateControl1__GC0, 
muxpart__176: VRAM_four__GB0, 
logic__92: VRAM_TWO__GB4, 
case__100: VRAM_TWO__GB1, 
datapath__33: VRAM_TWO__GB5, 
VRAM_1__GB1: VRAM_1__GB1, 
logic__169: VRAM_three__GB5, 
muxpart__180: VRAM_four__GB1, 
datapath__62: VRAM_three__GB5, 
case__235: VRAM_four__GB3, 
datapath__18: VRAM_1__GB5, 
reg__6: UnitateControl1__GC0, 
case__16: VRAM_1__GB5, 
logic__259: VRAM_four__GB5, 
logic__238: VRAM_four__GB5, 
case__179: VRAM_three__GB3, 
reg__30: VRAM_1__GB4, 
case__162: VRAM_three__GB1, 
logic__143: VRAM_TWO__GB0, 
muxpart__129: VRAM_three__GB0, 
datapath__76: VRAM_four__GB5, 
case__228: VRAM_four__GB0, 
reg__109: VRAM_TWO__GB4, 
case__33: VRAM_1__GB3, 
reg__151: VRAM_three__GB3, 
case__108: VRAM_TWO__GB0, 
muxpart__69: VRAM_TWO__GB3, 
reg__25: VRAM_1__GB3, 
case__176: VRAM_three__GB3, 
datapath__14: VRAM_1__GB5, 
case__142: VRAM_three__GB5, 
reg__75: VRAM_TWO__GB5, 
reg__142: VRAM_three__GB3, 
case__165: VRAM_three__GB0, 
case__87: VRAM_TWO__GB5, 
case__213: VRAM_four__GB3, 
muxpart__130: VRAM_three__GB0, 
muxpart__132: VRAM_three__GB0, 
muxpart__85: VRAM_TWO__GB0, 
muxpart__152: VRAM_four__GB5, 
reg__56: VRAM_1__GB3, 
case__41: VRAM_1__GB1, 
reg__180: VRAM_four__GB3, 
muxpart__44: VRAM_1__GB3, 
muxpart__158: VRAM_four__GB4, 
muxpart__35: VRAM_1__GB0, 
datapath__84: VRAM_four__GB5, 
datapath__82: VRAM_four__GB5, 
case__169: VRAM_three__GB0, 
muxpart__169: VRAM_four__GB3, 
reg__52: VRAM_1__GB3, 
VRAM_TWO__GB4: VRAM_TWO__GB4, 
case__226: VRAM_four__GB0, 
reg__131: VRAM_three__GB3, 
case__8: VRAM_1__GB5, 
logic__239: VRAM_four__GB5, 
muxpart__127: VRAM_three__GB0, 
logic__99: VRAM_TWO__GB5, 
reg__40: VRAM_1__GB3, 
case__206: VRAM_four__GB5, 
reg__68: VRAM_TWO__GB4, 
counter__3: VRAM_TWO__GB5, 
muxpart__181: VRAM_four__GB0, 
case__128: VRAM_three__GB5, 
case__141: VRAM_three__GB4, 
case__138: VRAM_three__GB4, 
reg__53: VRAM_1__GB3, 
logic__251: VRAM_four__GB5, 
case__211: VRAM_four__GB4, 
reg__202: VRAM_four__GB3, 
muxpart__184: VRAM_four__GB3, 
case__168: VRAM_three__GB0, 
muxpart__117: VRAM_three__GB3, 
counter__13: VRAM_four__GB5, 
case__103: VRAM_TWO__GB0, 
reg__120: VRAM_three__GB5, 
reg__103: VRAM_TWO__GB3, 
muxpart__32: VRAM_1__GB0, 
case__85: VRAM_TWO__GB5, 
reg__15: VRAM_1__GB5, 
case__109: VRAM_TWO__GB0, 
reg__54: VRAM_1__GB3, 
case__118: VRAM_TWO__GB3, 
datapath__66: VRAM_three__GB5, 
case__234: VRAM_four__GB0, 
reg__95: VRAM_TWO__GB3, 
datapath__87: VRAM_four__GB5, 
reg__49: VRAM_1__GB3, 
VRAM_1__GB3: VRAM_1__GB3, 
muxpart__1: VRAM_1__GB5, 
reg__213: UnitateControl1__GC0, 
reg__158: VRAM_three__GB4, 
case__99: VRAM_TWO__GB0, 
case__58: VRAM_1__GB3, 
case__127: VRAM_three__GB5, 
datapath__7: UnitateControl1__GC0, 
reg__126: VRAM_three__GB5, 
reg__41: VRAM_1__GB3, 
datapath__52: VRAM_three__GB5, 
case__140: VRAM_three__GB4, 
muxpart__41: VRAM_1__GB0, 
reg__138: VRAM_three__GB3, 
muxpart__144: VRAM_four__GB4, 
case__11: VRAM_1__GB5, 
case__126: VRAM_three__GB5, 
reg__172: VRAM_four__GB5, 
case__146: VRAM_three__GB5, 
case__220: VRAM_four__GB1, 
reg__174: VRAM_four__GB5, 
datapath__50: VRAM_three__GB5, 
reg__188: VRAM_four__GB3, 
muxpart__102: VRAM_three__GB4, 
reg__42: VRAM_1__GB3, 
muxpart__170: VRAM_four__GB1, 
muxpart__7: VRAM_1__GB4, 
case__153: VRAM_three__GB3, 
case__195: VRAM_four__GB4, 
case__35: VRAM_1__GB3, 
datapath__79: VRAM_four__GB5, 
reg__28: VRAM_1__GB4, 
case__46: VRAM_1__GB0, 
case__121: VRAM_three__GB5, 
reg__17: VRAM_1__GB5, 
datapath__56: VRAM_three__GB5, 
reg__146: VRAM_three__GB3, 
case__261: UnitateControl1__GC0, 
case__77: VRAM_TWO__GB4, 
reg__161: VRAM_four__GB5, 
reg__86: VRAM_TWO__GB3, 
reg__73: VRAM_TWO__GB5, 
muxpart__89: VRAM_TWO__GB0, 
muxpart__11: VRAM_1__GB5, 
datapath__58: VRAM_three__GB5, 
muxpart__22: VRAM_1__GB3, 
reg__80: VRAM_TWO__GB4, 
case__114: VRAM_TWO__GB0, 
logic__228: VRAM_four__GB4, 
muxpart__62: VRAM_TWO__GB5, 
muxpart__21: VRAM_1__GB3, 
muxpart__28: VRAM_1__GB1, 
case__69: VRAM_TWO__GB5, 
reg__36: VRAM_1__GB3, 
reg__137: VRAM_three__GB3, 
muxpart__58: VRAM_TWO__GB5, 
VRAM_TWO__GB3: VRAM_TWO__GB3, 
datapath__31: VRAM_TWO__GB5, 
case__188: VRAM_four__GB5, 
case__221: VRAM_four__GB3, 
datapath__20: VRAM_1__GB5, 
reg__197: VRAM_four__GB3, 
reg__177: VRAM_four__GB4, 
reg__82: VRAM_TWO__GB3, 
case__218: VRAM_four__GB3, 
datapath__17: VRAM_1__GB5, 
muxpart__79: VRAM_TWO__GB0, 
case__192: VRAM_four__GB5, 
muxpart__106: VRAM_three__GB5, 
logic__41: VRAM_1__GB5, 
reg__122: VRAM_three__GB5, 
case__191: VRAM_four__GB5, 
counter__9: VRAM_three__GB5, 
case__222: VRAM_four__GB1, 
case__97: VRAM_TWO__GB2, 
case__178: VRAM_three__GB3, 
counter__8: VRAM_three__GB5, 
muxpart__104: VRAM_three__GB4, 
muxpart__73: VRAM_TWO__GB2, 
case__88: VRAM_TWO__GB5, 
case__105: VRAM_TWO__GB0, 
datapath__3: UnitateControl1__GC0, 
muxpart__80: VRAM_TWO__GB0, 
reg__106: VRAM_TWO__GB3, 
case__132: VRAM_three__GB5, 
muxpart__105: VRAM_three__GB5, 
case__24: VRAM_1__GB3, 
VRAM_three__GB3: VRAM_three__GB3, 
reg__195: VRAM_four__GB3, 
VRAM_1__GB5: VRAM_1__GB5, 
datapath__85: VRAM_four__GB5, 
reg__148: VRAM_three__GB3, 
reg__113: VRAM_three__GB4, 
logic__25: VRAM_1__GB5, 
case__27: VRAM_1__GB4, 
muxpart__131: VRAM_three__GB2, 
case__70: VRAM_TWO__GB5, 
counter__11: VRAM_four__GB5, 
reg__128: VRAM_three__GB4, 
muxpart__36: VRAM_1__GB0, 
reg__107: VRAM_TWO__GB3, 
reg__130: VRAM_three__GB3, 
reg__24: VRAM_1__GB3, 
datapath__2: UnitateControl1__GC0, 
muxpart__133: VRAM_three__GB1, 
logic__113: VRAM_TWO__GB4, 
case__15: VRAM_1__GB5, 
case__131: VRAM_three__GB5, 
case__13: VRAM_1__GB5, 
case__1: UnitateControl1__GC0, 
reg__19: VRAM_1__GB5, 
VRAM_TWO__GB1: VRAM_TWO__GB1, 
reg__10: VRAM_1__GB5, 
reg__175: VRAM_four__GB5, 
case__148: VRAM_three__GB5, 
case__166: VRAM_three__GB0, 
logic__183: VRAM_three__GB4, 
muxpart__67: VRAM_TWO__GB3, 
datapath__24: VRAM_1__GB5, 
reg__156: VRAM_three__GB3, 
reg__63: VRAM_TWO__GB5, 
reg__60: VRAM_1__GB4, 
case__205: VRAM_four__GB5, 
case__241: UnitateControl1__GC0, 
muxpart__177: VRAM_four__GB0, 
reg__159: VRAM_four__GB5, 
reg__183: VRAM_four__GB3, 
reg__70: VRAM_TWO__GB4, 
case__22: VRAM_1__GB4, 
muxpart__179: VRAM_four__GB0, 
reg__210: UnitateControl1__GC0, 
case__265: UnitateControl1__GC0, 
reg__169: VRAM_four__GB5, 
case__52: VRAM_1__GB1, 
case__201: VRAM_four__GB4, 
case__219: VRAM_four__GB0, 
case__110: VRAM_TWO__GB2, 
case__214: VRAM_four__GB3, 
reg__201: VRAM_four__GB3, 
counter__12: VRAM_four__GB5, 
muxpart__155: VRAM_four__GB5, 
counter__10: VRAM_three__GB5, 
logic__95: VRAM_TWO__GB5, 
reg__154: VRAM_three__GB3, 
case__230: VRAM_four__GB2, 
datapath__61: VRAM_three__GB5, 
logic__88: VRAM_TWO__GB4, 
case__94: VRAM_TWO__GB3, 
case__82: VRAM_TWO__GB5, 
muxpart__111: VRAM_three__GB4, 
case__229: VRAM_four__GB0, 
logic__73: VRAM_1__GB0, 
case__20: VRAM_1__GB4, 
datapath__42: VRAM_TWO__GB5, 
datapath__63: VRAM_three__GB5, 
reg__14: VRAM_1__GB5, 
case__147: VRAM_three__GB5, 
reg__125: VRAM_three__GB5, 
muxpart__31: VRAM_1__GB0, 
muxpart__116: VRAM_three__GB3, 
datapath__15: VRAM_1__GB5, 
logic__283: VRAM_four__GB0, 
reg__79: VRAM_TWO__GB4, 
reg__167: VRAM_four__GB4, 
reg__157: VRAM_three__GB3, 
case__57: VRAM_1__GB3, 
datapath__64: VRAM_three__GB5, 
muxpart__119: VRAM_three__GB2, 
muxpart__84: VRAM_TWO__GB2, 
muxpart__142: VRAM_four__GB5, 
datapath__13: VRAM_1__GB5, 
case__212: VRAM_four__GB3, 
datapath__26: VRAM_1__GB5, 
logic__111: VRAM_TWO__GB5, 
case__180: VRAM_three__GB4, 
case__4: VRAM_1__GB5, 
reg__57: VRAM_1__GB3, 
case__224: VRAM_four__GB0, 
logic__127: VRAM_TWO__GB4, 
datapath__49: VRAM_three__GB5, 
case__40: VRAM_1__GB3, 
VRAM_four__GB5: VRAM_four__GB5, 
case__29: VRAM_1__GB4, 
reg__189: VRAM_four__GB3, 
muxpart__77: VRAM_TWO__GB0, 
case__113: VRAM_TWO__GB0, 
muxpart__61: VRAM_TWO__GB5, 
case__95: VRAM_TWO__GB3, 
muxpart__150: VRAM_four__GB5, 
reg__133: VRAM_three__GB3, 
VRAM_four__GB1: VRAM_four__GB1, 
case__216: VRAM_four__GB3, 
case__104: VRAM_TWO__GB0, 
muxpart__55: VRAM_TWO__GB4, 
reg__168: VRAM_four__GB4, 
reg__38: VRAM_1__GB3, 
datapath__59: VRAM_three__GB5, 
case__12: VRAM_1__GB5, 
case: UnitateControl1__GC0, 
case__184: VRAM_four__GB5, 
reg__141: VRAM_three__GB3, 
case__42: VRAM_1__GB1, 
muxpart__27: VRAM_1__GB2, 
reg__206: VRAM_four__GB3, 
case__80: VRAM_TWO__GB4, 
muxpart__157: VRAM_four__GB5, 
logic__16: UnitateControl1__GC0, 
muxpart__153: VRAM_four__GB5, 
datapath__55: VRAM_three__GB5, 
reg__93: VRAM_TWO__GB3, 
case__256: UnitateControl1__GC0, 
reg__198: VRAM_four__GB3, 
reg__26: VRAM_1__GB3, 
VRAM_four__GB4: VRAM_four__GB4, 
reg__149: VRAM_three__GB3, 
muxpart__159: VRAM_four__GB4, 
VRAM_TWO__GB0: VRAM_TWO__GB0, 
reg__39: VRAM_1__GB3, 
reg__2: UnitateControl1__GC0, 
muxpart__162: VRAM_four__GB3, 
case__9: VRAM_1__GB5, 
case__37: VRAM_1__GB3, 
muxpart__122: VRAM_three__GB3, 
reg__110: VRAM_three__GB5, 
muxpart__139: VRAM_three__GB3, 
case__125: VRAM_three__GB5, 
reg__22: VRAM_1__GB4, 
reg__46: VRAM_1__GB3, 
muxpart__165: VRAM_four__GB2, 
reg__98: VRAM_TWO__GB3, 
muxpart__149: VRAM_four__GB4, 
case__89: VRAM_TWO__GB5, 
case__28: VRAM_1__GB4, 
muxpart__12: VRAM_1__GB5, 
reg__186: VRAM_four__GB3, 
reg__181: VRAM_four__GB3, 
reg__81: VRAM_TWO__GB3, 
reg__121: VRAM_three__GB4, 
reg__8: UnitateControl1__GC0, 
muxpart__168: VRAM_four__GB1, 
reg__101: VRAM_TWO__GB3, 
muxpart__97: VRAM_three__GB4, 
case__198: VRAM_four__GB4, 
counter__5: VRAM_TWO__GB5, 
muxpart__183: VRAM_four__GB0, 
muxpart__87: VRAM_TWO__GB0, 
case__76: VRAM_TWO__GB4, 
muxpart__37: VRAM_1__GB2, 
reg__88: VRAM_TWO__GB3, 
datapath__36: VRAM_TWO__GB5, 
counter__1: VRAM_1__GB5, 
muxpart__140: VRAM_three__GB3, 
reg__118: VRAM_three__GB4, 
case__264: UnitateControl1__GC0, 
reg__91: VRAM_TWO__GB3, 
reg__92: VRAM_TWO__GB3, 
datapath__1: UnitateControl1__GC0, 
muxpart__49: VRAM_TWO__GB4, 
case__63: VRAM_TWO__GB5, 
case__39: VRAM_1__GB0, 
muxpart__86: VRAM_TWO__GB1, 
logic__17: UnitateControl1__GC0, 
muxpart__91: VRAM_TWO__GB3, 
muxpart__23: VRAM_1__GB3, 
reg__59: VRAM_1__GB3, 
reg__62: VRAM_TWO__GB5, 
muxpart__121: VRAM_three__GB1, 
muxpart__33: VRAM_1__GB0, 
MPG: UnitateControl1__GC0, 
reg__205: VRAM_four__GB3, 
case__133: VRAM_three__GB5, 
muxpart__136: VRAM_three__GB0, 
case__175: VRAM_three__GB3, 
muxpart__167: VRAM_four__GB2, 
reg__71: VRAM_TWO__GB5, 
muxpart__50: VRAM_TWO__GB4, 
logic__119: VRAM_TWO__GB5, 
datapath__8: UnitateControl1__GC0, 
logic__306: UnitateControl1__GC0, 
reg__191: VRAM_four__GB3, 
case__71: VRAM_TWO__GB5, 
muxpart__182: VRAM_four__GB0, 
muxpart__134: VRAM_three__GB0, 
reg__55: VRAM_1__GB3, 
case__144: VRAM_three__GB5, 
case__190: VRAM_four__GB5, 
datapath__22: VRAM_1__GB5, 
case__5: VRAM_1__GB5, 
muxpart__128: VRAM_three__GB0, 
case__227: VRAM_four__GB0, 
reg__51: VRAM_1__GB3, 
reg__12: VRAM_1__GB5, 
reg__34: VRAM_1__GB3, 
logic__213: VRAM_three__GB0, 
reg__35: VRAM_1__GB3, 
datapath__70: VRAM_four__GB5, 
muxpart__146: VRAM_four__GB4, 
case__122: VRAM_three__GB5, 
muxpart__9: VRAM_1__GB4, 
reg__90: VRAM_TWO__GB3, 
reg__117: VRAM_three__GB4, 
reg__45: VRAM_1__GB3, 
reg: UnitateControl1__GC0, 
case__48: VRAM_1__GB0, 
logic__182: VRAM_three__GB4, 
datapath__30: VRAM_TWO__GB5, 
reg__96: VRAM_TWO__GB3, 
datapath__12: VRAM_1__GB5, 
datapath__86: VRAM_four__GB5, 
VRAM_three__GB0: VRAM_three__GB0, 
case__79: VRAM_TWO__GB4, 
datapath__48: VRAM_three__GB5, 
reg__160: VRAM_four__GB5, 
muxpart__39: VRAM_1__GB1, 
reg__78: VRAM_TWO__GB5, 
datapath__32: VRAM_TWO__GB5, 
muxpart__81: VRAM_TWO__GB0, 
reg__163: VRAM_four__GB4, 
datapath__23: VRAM_1__GB5, 
case__171: VRAM_three__GB0, 
reg__127: VRAM_three__GB5, 
muxpart__148: VRAM_four__GB4, 
logic__22: VRAM_1__GB4, 
muxpart__143: VRAM_four__GB4, 
case__181: VRAM_four__GB5, 
datapath__38: VRAM_TWO__GB5, 
case__50: VRAM_1__GB2, 
reg__147: VRAM_three__GB3, 
datapath__44: VRAM_TWO__GB5, 
case__225: VRAM_four__GB0, 
logic__1: UnitateControl1__GC0, 
case__129: VRAM_three__GB5, 
logic__57: VRAM_1__GB4, 
VRAM_three__GB1: VRAM_three__GB1, 
muxpart__95: VRAM_three__GB5, 
case__54: VRAM_1__GB0, 
datapath__47: VRAM_TWO__GB5, 
logic__4: UnitateControl1__GC0, 
logic__162: VRAM_three__GB4, 
case__159: VRAM_three__GB0, 
case__189: VRAM_four__GB5, 
muxpart__90: VRAM_TWO__GB3, 
reg__190: VRAM_four__GB3, 
case__62: VRAM_TWO__GB5, 
case__44: VRAM_1__GB0, 
muxpart__6: VRAM_1__GB5, 
muxpart__48: VRAM_TWO__GB5, 
case__156: VRAM_three__GB3, 
datapath__41: VRAM_TWO__GB5, 
case__68: VRAM_TWO__GB5, 
case__123: VRAM_three__GB5, 
case__84: VRAM_TWO__GB5, 
datapath__34: VRAM_TWO__GB5, 
case__243: UnitateControl1__GC0, 
case__232: VRAM_four__GB1, 
case__36: VRAM_1__GB3, 
reg__112: VRAM_three__GB5, 
case__102: VRAM_TWO__GB1, 
muxpart__52: VRAM_TWO__GB4, 
case__204: VRAM_four__GB5, 
case__262: UnitateControl1__GC0, 
case__135: VRAM_three__GB4, 
reg__23: VRAM_1__GB4, 
case__151: VRAM_three__GB4, 
case__117: VRAM_TWO__GB3, 
case__38: VRAM_1__GB2, 
logic__298: UnitateControl1__GC0, 
VRAM_four__GB3: VRAM_four__GB3, 
case__81: VRAM_TWO__GB4, 
reg__29: VRAM_1__GB4, 
logic__29: VRAM_1__GB5, 
case__263: UnitateControl1__GC0, 
case__130: VRAM_three__GB5, 
reg__50: VRAM_1__GB3, 
reg__5: UnitateControl1__GC0, 
datapath__68: VRAM_four__GB5, 
reg__135: VRAM_three__GB3, 
muxpart__34: VRAM_1__GB0, 
datapath__73: VRAM_four__GB5, 
VRAM_1__GB4: VRAM_1__GB4, 
logic__181: VRAM_three__GB5, 
muxpart__54: VRAM_TWO__GB4, 
VRAM_four__GB2: VRAM_four__GB2, 
VRAM_three__GB2: VRAM_three__GB2, 
reg__65: VRAM_TWO__GB4, 
muxpart__156: VRAM_four__GB5, 
muxpart__51: VRAM_TWO__GB4, 
reg__97: VRAM_TWO__GB3, 
muxpart__101: VRAM_three__GB4, 
reg__94: VRAM_TWO__GB3, 
datapath__19: VRAM_1__GB5, 
reg__11: VRAM_1__GB5, 
muxpart__72: VRAM_TWO__GB2, 
muxpart__113: VRAM_three__GB3, 
datapath__9: VRAM_1__GB5, 
datapath__46: VRAM_TWO__GB5, 
datapath__6: UnitateControl1__GC0, 
case__150: VRAM_three__GB4, 
case__116: VRAM_TWO__GB3, 
reg__4: UnitateControl1__GC0, 
reg__72: VRAM_TWO__GB4, 
datapath__60: VRAM_three__GB5, 
muxpart__125: VRAM_three__GB0, 
logic__253: VRAM_four__GB4, 
case__53: VRAM_1__GB0, 
case__240: VRAM_four__GB4, 
datapath__75: VRAM_four__GB5, 
reg__48: VRAM_1__GB3, 
logic__267: VRAM_four__GB4, 
reg__193: VRAM_four__GB3, 
case__137: VRAM_three__GB4, 
muxpart__164: VRAM_four__GB3, 
case__26: VRAM_1__GB3, 
reg__136: VRAM_three__GB3, 
case__47: VRAM_1__GB0, 
reg__200: VRAM_four__GB3, 
reg__173: VRAM_four__GB5, 
logic__168: VRAM_three__GB5, 
muxpart__38: VRAM_1__GB0, 
muxpart__4: VRAM_1__GB5, 
datapath__27: VRAM_1__GB5, 
case__67: VRAM_TWO__GB5, 
reg__143: VRAM_three__GB3, 
case__236: VRAM_four__GB3, 
case__72: VRAM_TWO__GB5, 
case__208: VRAM_four__GB5, 
reg__170: VRAM_four__GB4, 
logic__28: VRAM_1__GB5, 
datapath__83: VRAM_four__GB5, 
muxpart__138: VRAM_three__GB3, 
reg__139: VRAM_three__GB3, 
logic__235: VRAM_four__GB5, 
muxpart__166: VRAM_four__GB2, 
muxpart__78: VRAM_TWO__GB0, 
case__6: VRAM_1__GB5, 
reg__171: VRAM_four__GB5, 
reg__184: VRAM_four__GB3, 
logic__43: VRAM_1__GB5, 
case__93: VRAM_TWO__GB3, 
logic__158: VRAM_three__GB4, 
case__154: VRAM_three__GB3, 
reg__66: VRAM_TWO__GB4, 
datapath__25: VRAM_1__GB5, 
reg__61: VRAM_TWO__GB5, 
datapath__45: VRAM_TWO__GB5, 
muxpart__26: VRAM_1__GB2, 
logic__115: VRAM_TWO__GB4, 
case__187: VRAM_four__GB5, 
reg__166: VRAM_four__GB4, 
muxpart__71: VRAM_TWO__GB2, 
muxpart__147: VRAM_four__GB4, 
muxpart__186: VRAM_four__GB3, 
datapath: UnitateControl1__GC0, 
muxpart__24: VRAM_1__GB3, 
case__136: VRAM_three__GB4, 
datapath__80: VRAM_four__GB5, 
reg__204: VRAM_four__GB3, 
reg__212: UnitateControl1__GC0, 
case__215: VRAM_four__GB3, 
reg__37: VRAM_1__GB3, 
reg__85: VRAM_TWO__GB3, 
muxpart__96: VRAM_three__GB4, 
case__202: VRAM_four__GB5, 
logic: UnitateControl1__GC0, 
reg__192: VRAM_four__GB3, 
case__60: VRAM_1__GB4, 
datapath__28: VRAM_TWO__GB5, 
muxpart__83: VRAM_TWO__GB0, 
reg__58: VRAM_1__GB3, 
logic__98: VRAM_TWO__GB5, 
muxpart__103: VRAM_three__GB5, 
case__177: VRAM_three__GB3, 
muxpart__56: VRAM_TWO__GB5, 
reg__207: VRAM_four__GB4, 
muxpart__172: VRAM_four__GB0, 
reg__134: VRAM_three__GB3, 
muxpart__124: VRAM_three__GB0, 
case__61: VRAM_TWO__GB5, 
reg__187: VRAM_four__GB3, 
case__75: VRAM_TWO__GB4, 
muxpart__112: VRAM_three__GB4, 
reg__153: VRAM_three__GB3, 
case__3: VRAM_1__GB5, 
datapath__71: VRAM_four__GB5, 
muxpart__137: VRAM_three__GB3, 
datapath__77: VRAM_four__GB5, 
reg__33: VRAM_1__GB3, 
muxpart__59: VRAM_TWO__GB5, 
muxpart__45: VRAM_1__GB3, 
counter__7: VRAM_three__GB5, 
muxpart__123: VRAM_three__GB1, 
datapath__5: UnitateControl1__GC0, 
reg__203: VRAM_four__GB3, 
reg__196: VRAM_four__GB3, 
reg__102: VRAM_TWO__GB3, 
reg__145: VRAM_three__GB3, 
case__155: VRAM_three__GB3, 
case__21: VRAM_1__GB4, 
muxpart__107: VRAM_three__GB5, 
muxpart__92: VRAM_TWO__GB3, 
muxpart__108: VRAM_three__GB5, 
muxpart__141: VRAM_three__GB3, 
counter__4: VRAM_TWO__GB5, 
muxpart__60: VRAM_TWO__GB5, 
reg__182: VRAM_four__GB3, 
muxpart__64: VRAM_TWO__GB4, 
case__98: VRAM_TWO__GB3, 
muxpart: UnitateControl1__GC0, 
logic__302: UnitateControl1__GC0, 
reg__89: VRAM_TWO__GB3, 
case__106: VRAM_TWO__GB0, 
logic__7: UnitateControl1__GC0, 
case__196: VRAM_four__GB4, 
reg__13: VRAM_1__GB5, 
muxpart__126: VRAM_three__GB0, 
case__43: VRAM_1__GB0, 
datapath__40: VRAM_TWO__GB5, 
reg__18: VRAM_1__GB5, 
case__199: VRAM_four__GB4, 
muxpart__160: VRAM_four__GB3, 
muxpart__17: VRAM_1__GB4, 
datapath__16: VRAM_1__GB5, 
muxpart__57: VRAM_TWO__GB4, 
clk_wiz_0_bbox_0: UnitateControl1__GC0, 
reg__162: VRAM_four__GB4, 
reg__111: VRAM_three__GB5, 
muxpart__53: VRAM_TWO__GB4, 
muxpart__161: VRAM_four__GB3, 
reg__20: VRAM_1__GB4, 
reg__194: VRAM_four__GB3, 
reg__116: VRAM_three__GB4, 
muxpart__68: VRAM_TWO__GB3, 
reg__123: VRAM_three__GB5, 
case__197: VRAM_four__GB4, 
reg__74: VRAM_TWO__GB5, 
reg__105: VRAM_TWO__GB3, 
datapath__57: VRAM_three__GB5, 
muxpart__15: VRAM_1__GB4, 
muxpart__19: VRAM_1__GB3, 
logic__232: VRAM_four__GB4, 
reg__132: VRAM_three__GB3, 
reg__140: VRAM_three__GB3, 
muxpart__75: VRAM_TWO__GB3, 
counter__2: VRAM_1__GB5, 
reg__124: VRAM_three__GB5, 
reg__3: UnitateControl1__GC0, 
counter__14: VRAM_four__GB5, 
case__55: VRAM_1__GB3, 
case__25: VRAM_1__GB3, 
datapath__21: VRAM_1__GB5, 
reg__152: VRAM_three__GB3, 
reg__115: VRAM_three__GB4, 
reg__9: UnitateControl1__GC0, 
case__2: UnitateControl1__GC0, 
muxpart__29: VRAM_1__GB1, 
reg__164: VRAM_four__GB4, 
reg__32: VRAM_1__GB3, 
muxpart__14: VRAM_1__GB4, 
case__183: VRAM_four__GB5, 
case__45: VRAM_1__GB0, 
reg__114: VRAM_three__GB4, 
case__23: VRAM_1__GB4, 
muxpart__16: VRAM_1__GB4, 
muxpart__100: VRAM_three__GB4, 
datapath__67: VRAM_three__GB5, 
muxpart__8: VRAM_1__GB4, 
reg__31: VRAM_1__GB4, 
case__173: VRAM_three__GB0, 
case__18: VRAM_1__GB5, 
datapath__72: VRAM_four__GB5, 
case__172: VRAM_three__GB1, 
muxpart__70: VRAM_TWO__GB3, 
case__149: VRAM_three__GB5, 
case__242: UnitateControl1__GC0, 
case__92: VRAM_TWO__GB3, 
case__31: VRAM_1__GB4, 
muxpart__13: VRAM_1__GB5, 
muxpart__115: VRAM_three__GB3, 
reg__199: VRAM_four__GB3, 
reg__87: VRAM_TWO__GB3, 
reg__76: VRAM_TWO__GB5, 
datapath__69: VRAM_four__GB5, 
case__111: VRAM_TWO__GB0, 
case__145: VRAM_three__GB5, 
case__182: VRAM_four__GB5, 
case__186: VRAM_four__GB5, 
muxpart__30: VRAM_1__GB0, 
reg__176: VRAM_four__GB5, 
muxpart__82: VRAM_TWO__GB0, 
reg__43: VRAM_1__GB3, 
muxpart__93: VRAM_TWO__GB3, 
case__56: VRAM_1__GB3, 
muxpart__2: VRAM_1__GB5, 
UnitateControl1__GC0: UnitateControl1__GC0, 
case__160: VRAM_three__GB1, 
reg__1: UnitateControl1__GC0, 
reg__104: VRAM_TWO__GB3, 
case__34: VRAM_1__GB3, 
case__124: VRAM_three__GB5, 
muxpart__151: VRAM_four__GB4, 
muxpart__5: VRAM_1__GB5, 
case__223: VRAM_four__GB0, 
muxpart__145: VRAM_four__GB4, 
datapath__11: VRAM_1__GB5, 
case__210: VRAM_four__GB4, 
case__174: VRAM_three__GB0, 
case__207: VRAM_four__GB5, 
muxpart__110: VRAM_three__GB5, 
case__90: VRAM_TWO__GB4, 
datapath__43: VRAM_TWO__GB5, 
datapath__39: VRAM_TWO__GB5, 
reg__185: VRAM_four__GB3, 
case__119: VRAM_TWO__GB3, 
reg__150: VRAM_three__GB3, 
reg__7: UnitateControl1__GC0, 
muxpart__185: VRAM_four__GB3, 
logic__185: VRAM_three__GB4, 
reg__178: VRAM_four__GB4, 
reg__119: VRAM_three__GB4, 
muxpart__40: VRAM_1__GB0, 
logic__42: VRAM_1__GB5, 
case__7: VRAM_1__GB5, 
reg__108: VRAM_TWO__GB3, 
case__17: VRAM_1__GB5, 
case__164: VRAM_three__GB0, 
case__209: VRAM_four__GB5, 
video_signal: UnitateControl1__GC0, 
muxpart__10: VRAM_1__GB4, 
muxpart__42: VRAM_1__GB0, 
case__185: VRAM_four__GB5, 
case__107: VRAM_TWO__GB0, 
muxpart__20: VRAM_1__GB3, 
datapath__10: VRAM_1__GB5, 
VRAM_TWO__GB5: VRAM_TWO__GB5, 
case__86: VRAM_TWO__GB5, 
case__200: VRAM_four__GB4, 
case__238: VRAM_four__GB3, 
VRAM_1__GB0: VRAM_1__GB0, 
datapath__74: VRAM_four__GB5, 
datapath__65: VRAM_three__GB5, 
case__239: VRAM_four__GB3, 
logic__255: VRAM_four__GB4, 
muxpart__175: VRAM_four__GB0, 
VRAM_three__GB5: VRAM_three__GB5, 
muxpart__118: VRAM_three__GB2, 
case__170: VRAM_three__GB2, 
reg__69: VRAM_TWO__GB4, 
reg__83: VRAM_TWO__GB3, 
case__65: VRAM_TWO__GB5, 
muxpart__99: VRAM_three__GB4, 
case__19: VRAM_1__GB5, 
reg__16: VRAM_1__GB5, 
muxpart__46: VRAM_1__GB3, 
datapath__81: VRAM_four__GB5, 
case__51: VRAM_1__GB0, 
case__257: UnitateControl1__GC0, 
case__231: VRAM_four__GB0, 
VRAM_1__GB2: VRAM_1__GB2, 
muxpart__135: VRAM_three__GB0, 
reg__64: VRAM_TWO__GB4, 
datapath__37: VRAM_TWO__GB5, 
case__10: VRAM_1__GB5, 
case__139: VRAM_three__GB4, 
case__167: VRAM_three__GB0, 
reg__144: VRAM_three__GB3, 
reg__44: VRAM_1__GB3, 
reg__27: VRAM_1__GB4, 
muxpart__163: VRAM_four__GB3, 
counter__6: VRAM_TWO__GB5, 
datapath__4: UnitateControl1__GC0, 
datapath__29: VRAM_TWO__GB5, 
muxpart__98: VRAM_three__GB4, 
muxpart__187: VRAM_four__GB3, 
logic__197: VRAM_three__GB4, 
logic__18: VRAM_1__GB4, 
datapath__53: VRAM_three__GB5, 
case__193: VRAM_four__GB5, 
reg__77: VRAM_TWO__GB5, 
case__115: VRAM_TWO__GB3, 
muxpart__120: VRAM_three__GB2, 
VRAM_four__GB0: VRAM_four__GB0, 
reg__47: VRAM_1__GB3, 
reg__211: UnitateControl1__GC0, 
reg__179: VRAM_four__GB3, 
case__152: VRAM_three__GB3, 
case__96: VRAM_TWO__GB3, 
muxpart__173: VRAM_four__GB0, 
muxpart__94: VRAM_TWO__GB3, 
VRAM_three__GB4: VRAM_three__GB4, 
muxpart__65: VRAM_TWO__GB4, 
muxpart__43: VRAM_1__GB3, 
case__237: VRAM_four__GB3, 
case__161: VRAM_three__GB3, 
