logic__165: logic__165
logic__252: logic__252
logic__112: logic__112
muxpart__63: muxpart__63
muxpart__154: muxpart__154
reg__155: reg__155
case__73: case__73
logic__15: logic__15
case__32: case__32
muxpart__188: muxpart__188
muxpart__88: muxpart__88
case__49: case__49
case__66: case__66
muxpart__66: muxpart__66
muxpart__74: muxpart__74
case__120: case__120
muxpart__3: muxpart__3
muxpart__76: muxpart__76
muxpart__114: muxpart__114
case__143: case__143
case__83: case__83
reg__84: reg__84
datapath__51: datapath__51
muxpart__178: muxpart__178
muxpart__18: muxpart__18
logic__189: logic__189
case__203: case__203
reg__100: reg__100
muxpart__47: muxpart__47
case__30: case__30
logic__49: logic__49
reg__222: reg__3
muxpart__174: muxpart__174
VRAM_TWO__GB2: VRAM_TWO__GB2
reg__129: reg__129
case__217: case__217
muxpart__109: muxpart__109
reg__99: reg__99
case__59: case__59
reg__67: reg__67
case__64: case__64
case__91: case__91
case__157: case__157
datapath__54: datapath__54
case__163: case__163
case__78: case__78
case__158: case__158
ROM_Color: ROM_Color
datapath__78: datapath__78
case__112: case__112
muxpart__171: muxpart__171
muxpart__25: muxpart__25
case__101: case__101
reg__165: reg__165
logic__10: logic__10
datapath__35: datapath__35
reg__21: reg__21
logic__45: logic__45
case__233: case__233
counter: counter
muxpart__176: muxpart__176
logic__92: logic__92
case__100: case__100
datapath__33: datapath__33
VRAM_1__GB1: VRAM_1__GB1
logic__169: logic__169
logic__329: logic
muxpart__180: muxpart__180
datapath__62: datapath__62
case__235: case__235
datapath__18: datapath__18
reg__6: reg__6
case__16: case__16
logic__259: logic__259
logic__238: logic__238
case__179: case__179
reg__30: reg__30
case__162: case__162
logic__143: logic__143
muxpart__129: muxpart__129
datapath__76: datapath__76
case__228: case__228
reg__109: reg__109
case__33: case__33
reg__151: reg__151
case__108: case__108
muxpart__69: muxpart__69
reg__25: reg__25
case__176: case__176
datapath__14: datapath__14
case__142: case__142
reg__75: reg__75
reg__142: reg__142
case__165: case__165
case__87: case__87
case__213: case__213
muxpart__130: muxpart__130
muxpart__132: muxpart__132
muxpart__85: muxpart__85
muxpart__152: muxpart__152
reg__56: reg__56
case__41: case__41
reg__180: reg__180
muxpart__44: muxpart__44
muxpart__158: muxpart__158
muxpart__35: muxpart__35
datapath__84: datapath__84
datapath__82: datapath__82
case__169: case__169
muxpart__169: muxpart__169
reg__52: reg__52
VRAM_TWO__GB4: VRAM_TWO__GB4
case__226: case__226
reg__216: reg__1
reg__131: reg__131
case__8: case__8
logic__239: logic__239
muxpart__127: muxpart__127
logic__99: logic__99
reg__40: reg__40
case__206: case__206
reg__68: reg__68
counter__3: counter__3
muxpart__181: muxpart__181
case__128: case__128
case__141: case__141
case__138: case__138
reg__53: reg__53
logic__251: logic__251
case__211: case__211
reg__202: reg__202
muxpart__184: muxpart__184
case__168: case__168
muxpart__117: muxpart__117
counter__13: counter__13
case__103: case__103
reg__120: reg__120
reg__103: reg__103
muxpart__32: muxpart__32
case__85: case__85
reg__15: reg__15
case__109: case__109
reg__54: reg__54
case__118: case__118
datapath__66: datapath__66
case__234: case__234
reg__95: reg__95
datapath__87: datapath__87
reg__49: reg__49
VRAM_1__GB3: VRAM_1__GB3
muxpart__1: muxpart__1
reg__213: reg__213
reg__215: reg__2
reg__158: reg__158
case__99: case__99
case__58: case__58
case__127: case__127
datapath__7: datapath__7
reg__126: reg__126
reg__41: reg__41
datapath__52: datapath__52
case__140: case__140
muxpart__41: muxpart__41
reg__138: reg__138
muxpart__144: muxpart__144
case__11: case__11
case__126: case__126
reg__172: reg__172
case__146: case__146
case__220: case__220
reg__174: reg__174
datapath__50: datapath__50
reg__188: reg__188
muxpart__102: muxpart__102
reg__42: reg__42
muxpart__170: muxpart__170
reg__214: reg__3
muxpart__7: muxpart__7
case__153: case__153
case__195: case__195
case__35: case__35
datapath__79: datapath__79
reg__28: reg__28
case__46: case__46
case__121: case__121
reg__17: reg__17
datapath__56: datapath__56
reg__146: reg__146
case__261: case__261
muxpart__195: muxpart
case__77: case__77
reg__161: reg__161
reg__86: reg__86
reg__73: reg__73
muxpart__89: muxpart__89
muxpart__11: muxpart__11
datapath__58: datapath__58
muxpart__22: muxpart__22
reg__80: reg__80
case__114: case__114
logic__228: logic__228
muxpart__62: muxpart__62
muxpart__21: muxpart__21
muxpart__28: muxpart__28
case__69: case__69
reg__36: reg__36
reg__137: reg__137
muxpart__58: muxpart__58
VRAM_TWO__GB3: VRAM_TWO__GB3
datapath__31: datapath__31
case__188: case__188
case__221: case__221
datapath__20: datapath__20
reg__197: reg__197
reg__177: reg__177
reg__82: reg__82
case__218: case__218
datapath__17: datapath__17
muxpart__79: muxpart__79
case__192: case__192
muxpart__106: muxpart__106
logic__41: logic__41
reg__217: reg
reg__122: reg__122
case__191: case__191
counter__9: counter__9
case__222: case__222
case__97: case__97
case__178: case__178
counter__8: counter__8
muxpart__104: muxpart__104
muxpart__73: muxpart__73
case__88: case__88
case__105: case__105
datapath__3: datapath__3
muxpart__80: muxpart__80
reg__106: reg__106
case__132: case__132
muxpart__105: muxpart__105
case__24: case__24
VRAM_three__GB3: VRAM_three__GB3
reg__195: reg__195
VRAM_1__GB5: VRAM_1__GB5
datapath__85: datapath__85
reg__148: reg__148
reg__113: reg__113
logic__25: logic__25
case__27: case__27
muxpart__131: muxpart__131
case__70: case__70
reg__224: reg__1
counter__11: counter__11
reg__128: reg__128
muxpart__36: muxpart__36
reg__107: reg__107
reg__130: reg__130
reg__24: reg__24
datapath__2: datapath__2
muxpart__133: muxpart__133
logic__113: logic__113
case__15: case__15
case__131: case__131
case__13: case__13
case__1: case__1
datapath__89: datapath
reg__19: reg__19
VRAM_TWO__GB1: VRAM_TWO__GB1
reg__10: reg__10
reg__175: reg__175
case__148: case__148
case__166: case__166
logic__183: logic__183
muxpart__67: muxpart__67
datapath__24: datapath__24
reg__156: reg__156
reg__63: reg__63
reg__60: reg__60
case__205: case__205
case__241: case__241
muxpart__177: muxpart__177
reg__159: reg__159
reg__183: reg__183
reg__70: reg__70
case__22: case__22
muxpart__179: muxpart__179
reg__210: reg__210
case__265: case__265
reg__169: reg__169
case__52: case__52
case__201: case__201
case__219: case__219
case__110: case__110
case__214: case__214
reg__201: reg__201
counter__12: counter__12
muxpart__155: muxpart__155
counter__10: counter__10
logic__95: logic__95
reg__154: reg__154
case__230: case__230
datapath__61: datapath__61
logic__328: logic__1
logic__88: logic__88
case__94: case__94
case__82: case__82
muxpart__111: muxpart__111
case__229: case__229
logic__73: logic__73
case__20: case__20
datapath__42: datapath__42
datapath__63: datapath__63
reg__14: reg__14
case__147: case__147
reg__125: reg__125
muxpart__31: muxpart__31
muxpart__116: muxpart__116
datapath__15: datapath__15
logic__283: logic__283
reg__79: reg__79
reg__167: reg__167
reg__157: reg__157
case__57: case__57
datapath__64: datapath__64
muxpart__119: muxpart__119
muxpart__84: muxpart__84
muxpart__142: muxpart__142
datapath__13: datapath__13
case__212: case__212
reg__223: reg__2
datapath__26: datapath__26
logic__111: logic__111
case__180: case__180
case__4: case__4
reg__57: reg__57
case__224: case__224
logic__127: logic__127
datapath__49: datapath__49
case__40: case__40
VRAM_four__GB5: VRAM_four__GB5
case__29: case__29
reg__189: reg__189
muxpart__77: muxpart__77
case__113: case__113
muxpart__61: muxpart__61
case__95: case__95
muxpart__150: muxpart__150
reg__133: reg__133
VRAM_four__GB1: VRAM_four__GB1
case__216: case__216
case__104: case__104
muxpart__55: muxpart__55
reg__168: reg__168
reg__38: reg__38
datapath__59: datapath__59
case__12: case__12
case: case
case__184: case__184
reg__141: reg__141
case__42: case__42
muxpart__27: muxpart__27
reg__206: reg__206
case__80: case__80
muxpart__157: muxpart__157
logic__16: logic__16
muxpart__153: muxpart__153
datapath__55: datapath__55
reg__93: reg__93
case__256: case__256
reg__198: reg__198
reg__26: reg__26
VRAM_four__GB4: VRAM_four__GB4
reg__149: reg__149
muxpart__159: muxpart__159
VRAM_TWO__GB0: VRAM_TWO__GB0
reg__39: reg__39
reg__2: reg__2
reg__219: reg__2
muxpart__162: muxpart__162
case__9: case__9
case__37: case__37
muxpart__122: muxpart__122
reg__110: reg__110
muxpart__139: muxpart__139
case__125: case__125
reg__22: reg__22
reg__46: reg__46
muxpart__165: muxpart__165
reg__98: reg__98
logic__326: logic__1
muxpart__149: muxpart__149
case__89: case__89
case__28: case__28
muxpart__12: muxpart__12
reg__186: reg__186
reg__181: reg__181
reg__81: reg__81
reg__121: reg__121
reg__8: reg__8
muxpart__168: muxpart__168
reg__101: reg__101
muxpart__97: muxpart__97
case__198: case__198
counter__5: counter__5
muxpart__183: muxpart__183
muxpart__87: muxpart__87
case__76: case__76
muxpart__37: muxpart__37
reg__88: reg__88
datapath__36: datapath__36
counter__1: counter__1
muxpart__140: muxpart__140
reg__118: reg__118
case__264: case__264
reg__91: reg__91
reg__92: reg__92
datapath__1: datapath__1
muxpart__49: muxpart__49
case__63: case__63
case__39: case__39
muxpart__86: muxpart__86
logic__17: logic__17
muxpart__91: muxpart__91
muxpart__23: muxpart__23
reg__59: reg__59
reg__62: reg__62
muxpart__121: muxpart__121
muxpart__33: muxpart__33
MPG: MPG
reg__205: reg__205
case__133: case__133
muxpart__136: muxpart__136
case__175: case__175
muxpart__167: muxpart__167
reg__71: reg__71
muxpart__50: muxpart__50
logic__119: logic__119
datapath__8: datapath__8
logic__306: logic__306
reg__191: reg__191
case__71: case__71
muxpart__182: muxpart__182
muxpart__134: muxpart__134
reg__55: reg__55
case__144: case__144
case__190: case__190
datapath__22: datapath__22
case__5: case__5
muxpart__196: muxpart
muxpart__128: muxpart__128
case__227: case__227
reg__51: reg__51
reg__12: reg__12
reg__34: reg__34
logic__213: logic__213
reg__35: reg__35
datapath__70: datapath__70
muxpart__146: muxpart__146
case__122: case__122
muxpart__9: muxpart__9
reg__90: reg__90
reg__117: reg__117
reg__45: reg__45
reg: reg
case__48: case__48
reg__221: reg
logic__182: logic__182
datapath__30: datapath__30
reg__96: reg__96
datapath__12: datapath__12
datapath__86: datapath__86
VRAM_three__GB0: VRAM_three__GB0
case__79: case__79
datapath__48: datapath__48
reg__160: reg__160
muxpart__39: muxpart__39
reg__78: reg__78
datapath__32: datapath__32
muxpart__81: muxpart__81
reg__163: reg__163
datapath__23: datapath__23
reg__225: reg
case__171: case__171
reg__127: reg__127
muxpart__148: muxpart__148
logic__22: logic__22
muxpart__143: muxpart__143
case__181: case__181
datapath__38: datapath__38
case__50: case__50
reg__147: reg__147
datapath__44: datapath__44
case__225: case__225
logic__1: logic__1
case__129: case__129
logic__57: logic__57
VRAM_three__GB1: VRAM_three__GB1
muxpart__95: muxpart__95
case__54: case__54
datapath__47: datapath__47
logic__4: logic__4
logic__162: logic__162
case__159: case__159
case__189: case__189
muxpart__90: muxpart__90
reg__190: reg__190
case__62: case__62
case__44: case__44
muxpart__6: muxpart__6
muxpart__48: muxpart__48
case__156: case__156
datapath__41: datapath__41
case__68: case__68
case__123: case__123
case__84: case__84
datapath__34: datapath__34
case__243: case__243
case__232: case__232
case__36: case__36
reg__112: reg__112
case__102: case__102
muxpart__52: muxpart__52
case__204: case__204
case__262: case__262
case__135: case__135
reg__23: reg__23
case__151: case__151
case__117: case__117
case__38: case__38
logic__298: logic__298
VRAM_four__GB3: VRAM_four__GB3
case__81: case__81
reg__29: reg__29
logic__29: logic__29
case__263: case__263
case__130: case__130
reg__50: reg__50
reg__5: reg__5
datapath__91: datapath
datapath__68: datapath__68
reg__135: reg__135
muxpart__34: muxpart__34
datapath__73: datapath__73
VRAM_1__GB4: VRAM_1__GB4
logic__181: logic__181
muxpart__54: muxpart__54
VRAM_four__GB2: VRAM_four__GB2
VRAM_three__GB2: VRAM_three__GB2
reg__65: reg__65
datapath__92: datapath__1
reg__220: reg__1
muxpart__156: muxpart__156
muxpart__51: muxpart__51
reg__97: reg__97
muxpart__101: muxpart__101
reg__94: reg__94
datapath__19: datapath__19
reg__11: reg__11
muxpart__72: muxpart__72
muxpart__113: muxpart__113
datapath__9: datapath__9
datapath__46: datapath__46
datapath__6: datapath__6
case__150: case__150
case__116: case__116
reg__4: reg__4
reg__72: reg__72
datapath__60: datapath__60
muxpart__125: muxpart__125
logic__253: logic__253
case__53: case__53
case__240: case__240
datapath__75: datapath__75
reg__48: reg__48
logic__267: logic__267
reg__193: reg__193
case__137: case__137
muxpart__164: muxpart__164
case__26: case__26
reg__136: reg__136
case__47: case__47
reg__200: reg__200
reg__173: reg__173
logic__168: logic__168
muxpart__38: muxpart__38
muxpart__4: muxpart__4
datapath__27: datapath__27
case__67: case__67
reg__143: reg__143
case__236: case__236
case__72: case__72
MPG__3: MPG
case__208: case__208
reg__170: reg__170
logic__28: logic__28
datapath__83: datapath__83
muxpart__138: muxpart__138
reg__139: reg__139
logic__235: logic__235
muxpart__166: muxpart__166
muxpart__78: muxpart__78
case__6: case__6
reg__171: reg__171
reg__184: reg__184
logic__43: logic__43
case__93: case__93
logic__158: logic__158
case__154: case__154
reg__66: reg__66
datapath__25: datapath__25
reg__61: reg__61
datapath__45: datapath__45
muxpart__26: muxpart__26
logic__115: logic__115
case__187: case__187
reg__166: reg__166
muxpart__71: muxpart__71
muxpart__147: muxpart__147
muxpart__186: muxpart__186
datapath: datapath
muxpart__24: muxpart__24
case__136: case__136
datapath__80: datapath__80
reg__204: reg__204
reg__212: reg__212
case__215: case__215
reg__37: reg__37
reg__85: reg__85
muxpart__96: muxpart__96
case__202: case__202
logic: logic
datapath__93: datapath
reg__192: reg__192
case__60: case__60
datapath__28: datapath__28
MPG__1: MPG
muxpart__83: muxpart__83
reg__58: reg__58
logic__98: logic__98
muxpart__103: muxpart__103
case__177: case__177
muxpart__56: muxpart__56
reg__207: reg__207
muxpart__172: muxpart__172
reg__134: reg__134
muxpart__124: muxpart__124
case__61: case__61
reg__187: reg__187
case__75: case__75
muxpart__112: muxpart__112
reg__153: reg__153
case__3: case__3
datapath__71: datapath__71
muxpart__137: muxpart__137
datapath__77: datapath__77
reg__33: reg__33
muxpart__59: muxpart__59
logic__330: logic__1
muxpart__45: muxpart__45
logic__331: logic
counter__7: counter__7
muxpart__123: muxpart__123
datapath__5: datapath__5
reg__203: reg__203
reg__196: reg__196
reg__102: reg__102
reg__145: reg__145
case__155: case__155
case__21: case__21
muxpart__107: muxpart__107
MPG__2: MPG
muxpart__92: muxpart__92
muxpart__108: muxpart__108
muxpart__141: muxpart__141
counter__4: counter__4
muxpart__60: muxpart__60
reg__182: reg__182
muxpart__64: muxpart__64
case__98: case__98
muxpart: muxpart
logic__302: logic__302
reg__89: reg__89
case__106: case__106
logic__7: logic__7
case__196: case__196
reg__13: reg__13
muxpart__126: muxpart__126
case__43: case__43
datapath__40: datapath__40
reg__18: reg__18
case__199: case__199
muxpart__160: muxpart__160
muxpart__17: muxpart__17
datapath__16: datapath__16
muxpart__57: muxpart__57
clk_wiz_0_bbox_0: clk_wiz_0_bbox_0
reg__162: reg__162
reg__111: reg__111
muxpart__53: muxpart__53
muxpart__161: muxpart__161
reg__20: reg__20
reg__194: reg__194
reg__116: reg__116
muxpart__68: muxpart__68
reg__123: reg__123
case__197: case__197
reg__74: reg__74
reg__105: reg__105
datapath__57: datapath__57
muxpart__15: muxpart__15
muxpart__19: muxpart__19
logic__232: logic__232
reg__132: reg__132
reg__140: reg__140
muxpart__75: muxpart__75
counter__2: counter__2
reg__124: reg__124
reg__3: reg__3
counter__14: counter__14
case__55: case__55
case__25: case__25
datapath__21: datapath__21
reg__152: reg__152
reg__115: reg__115
reg__9: reg__9
case__2: case__2
muxpart__29: muxpart__29
reg__164: reg__164
reg__32: reg__32
muxpart__14: muxpart__14
case__183: case__183
case__45: case__45
reg__114: reg__114
case__23: case__23
datapath__90: datapath__1
datapath__88: datapath__1
muxpart__16: muxpart__16
muxpart__100: muxpart__100
datapath__67: datapath__67
muxpart__8: muxpart__8
reg__31: reg__31
case__173: case__173
case__18: case__18
datapath__72: datapath__72
case__172: case__172
muxpart__70: muxpart__70
case__149: case__149
case__242: case__242
case__92: case__92
case__31: case__31
muxpart__13: muxpart__13
muxpart__115: muxpart__115
reg__199: reg__199
reg__87: reg__87
reg__76: reg__76
datapath__69: datapath__69
case__111: case__111
case__145: case__145
case__182: case__182
case__186: case__186
muxpart__30: muxpart__30
reg__176: reg__176
muxpart__82: muxpart__82
reg__43: reg__43
muxpart__93: muxpart__93
case__56: case__56
muxpart__2: muxpart__2
UnitateControl1__GC0: UnitateControl1__GC0
case__160: case__160
reg__1: reg__1
reg__104: reg__104
case__34: case__34
case__124: case__124
muxpart__151: muxpart__151
muxpart__5: muxpart__5
case__223: case__223
muxpart__145: muxpart__145
datapath__11: datapath__11
case__210: case__210
case__174: case__174
case__207: case__207
muxpart__110: muxpart__110
case__90: case__90
datapath__43: datapath__43
datapath__39: datapath__39
logic__327: logic
reg__185: reg__185
case__119: case__119
reg__150: reg__150
reg__7: reg__7
muxpart__185: muxpart__185
logic__185: logic__185
reg__178: reg__178
reg__119: reg__119
muxpart__40: muxpart__40
logic__42: logic__42
case__7: case__7
reg__108: reg__108
case__17: case__17
case__164: case__164
case__209: case__209
video_signal: video_signal
muxpart__10: muxpart__10
muxpart__42: muxpart__42
case__185: case__185
case__107: case__107
muxpart__20: muxpart__20
datapath__10: datapath__10
VRAM_TWO__GB5: VRAM_TWO__GB5
case__86: case__86
case__200: case__200
case__238: case__238
VRAM_1__GB0: VRAM_1__GB0
datapath__74: datapath__74
datapath__65: datapath__65
case__239: case__239
logic__255: logic__255
muxpart__175: muxpart__175
VRAM_three__GB5: VRAM_three__GB5
muxpart__118: muxpart__118
case__170: case__170
reg__69: reg__69
reg__83: reg__83
case__65: case__65
muxpart__99: muxpart__99
muxpart__197: muxpart
case__19: case__19
reg__16: reg__16
muxpart__46: muxpart__46
datapath__81: datapath__81
case__51: case__51
reg__218: reg__3
case__257: case__257
case__231: case__231
VRAM_1__GB2: VRAM_1__GB2
muxpart__135: muxpart__135
reg__64: reg__64
datapath__37: datapath__37
case__10: case__10
case__139: case__139
case__167: case__167
reg__144: reg__144
reg__44: reg__44
reg__27: reg__27
muxpart__163: muxpart__163
counter__6: counter__6
datapath__4: datapath__4
datapath__29: datapath__29
muxpart__98: muxpart__98
muxpart__187: muxpart__187
logic__197: logic__197
logic__18: logic__18
datapath__53: datapath__53
case__193: case__193
reg__77: reg__77
case__115: case__115
muxpart__120: muxpart__120
VRAM_four__GB0: VRAM_four__GB0
reg__47: reg__47
reg__211: reg__211
reg__179: reg__179
case__152: case__152
case__96: case__96
muxpart__173: muxpart__173
muxpart__94: muxpart__94
VRAM_three__GB4: VRAM_three__GB4
muxpart__65: muxpart__65
muxpart__43: muxpart__43
case__237: case__237
case__161: case__161
